      Date & Time,  Trans,  Elap Time,  Data Trans,  Resp Time,  Trans Rate,  Throughput,  Concurrent,    OKAY,   Failed
**** t(10)q(5) ****
2017-04-21 21:44:52,      0,       0.95,           0,       -nan,        0.00,        0.00,        0.00,       0,       0
